../Src/main.c:96:13:HCSR04_DelayUs	24	static
../Src/main.c:133:13:HCSR04_Trigger	8	static
../Src/main.c:182:16:HCSR04_ReadDistance_IC	24	static
../Src/main.c:265:6:HAL_TIM_IC_CaptureCallback	24	static
../Src/main.c:345:13:USART2_SendDistance	176	static
../Src/main.c:424:13:ADC1_PA4_Init_ByRegisters	8	static
../Src/main.c:486:17:ADC1_ReadRaw	4	static
../Src/main.c:503:17:ADC1_ReadMovingAverage	16	static
../Src/main.c:545:13:TIM2_CH1_PA5_PWM_Init_ByRegisters	4	static
../Src/main.c:631:13:PWM_SetDutyFromADC	24	static
../Src/main.c:658:13:L298N_DirectionPins_Init_ByRegisters	8	static
../Src/main.c:694:13:L298N_MotorForward	4	static
../Src/main.c:707:13:L298N_MotorReverse	4	static
../Src/main.c:720:13:L298N_MotorStop	4	static
../Src/main.c:736:13:USART2_SendADC_PWM_Values	224	static
../Src/main.c:775:5:main	32	static
../Src/main.c:853:6:SystemClock_Config	88	static
../Src/main.c:901:13:MX_USART2_UART_Init	8	static
../Src/main.c:934:13:MX_TIM1_Init	24	static
../Src/main.c:965:13:MX_GPIO_Init	48	static
../Src/main.c:1011:6:Error_Handler	4	static,ignoring_inline_asm
