../Src/stm32f4xx_it.c:13:6:NMI_Handler	4	static
../Src/stm32f4xx_it.c:20:6:HardFault_Handler	4	static
../Src/stm32f4xx_it.c:27:6:MemManage_Handler	4	static
../Src/stm32f4xx_it.c:34:6:BusFault_Handler	4	static
../Src/stm32f4xx_it.c:41:6:UsageFault_Handler	4	static
../Src/stm32f4xx_it.c:48:6:SVC_Handler	4	static
../Src/stm32f4xx_it.c:52:6:DebugMon_Handler	4	static
../Src/stm32f4xx_it.c:56:6:PendSV_Handler	4	static
../Src/stm32f4xx_it.c:60:6:SysTick_Handler	8	static
../Src/stm32f4xx_it.c:65:6:TIM1_CC_IRQHandler	8	static
