../Src/height_control.c:62:6:ControlAltura_Inicializar	8	static
../Src/height_control.c:77:6:ControlAltura_FijarObjetivoCm	16	static
../Src/height_control.c:93:6:ControlAltura_Actualizar	32	static
../Src/height_control.c:183:7:ControlAltura_ObtenerObjetivoCm	4	static
../Src/height_control.c:189:7:ControlAltura_ObtenerErrorCm	4	static
../Src/height_control.c:195:7:ControlAltura_ObtenerVelocidadVerticalCmS	4	static
../Src/height_control.c:201:9:ControlAltura_ObtenerEmpujePct	4	static
../Src/height_control.c:207:13:ControlAltura_ObtenerSentidoTexto	4	static
../Src/height_control.c:230:7:ControlAltura_ObtenerIntegralPct	4	static
