../Src/stm32f4xx_it.c:15:6:NMI_Handler	4	static
../Src/stm32f4xx_it.c:22:6:HardFault_Handler	4	static
../Src/stm32f4xx_it.c:29:6:MemManage_Handler	4	static
../Src/stm32f4xx_it.c:36:6:BusFault_Handler	4	static
../Src/stm32f4xx_it.c:43:6:UsageFault_Handler	4	static
../Src/stm32f4xx_it.c:50:6:SVC_Handler	4	static
../Src/stm32f4xx_it.c:54:6:DebugMon_Handler	4	static
../Src/stm32f4xx_it.c:58:6:PendSV_Handler	4	static
../Src/stm32f4xx_it.c:62:6:SysTick_Handler	8	static
../Src/stm32f4xx_it.c:67:6:TIM1_CC_IRQHandler	8	static
../Src/stm32f4xx_it.c:74:6:USART2_IRQHandler	8	static
../Src/stm32f4xx_it.c:79:6:UART4_IRQHandler	8	static
